Archive member included to satisfy reference by file (symbol)

/home/asus/program/TrueSTUDIO/ARMTools/bin/../lib/gcc/arm-atollic-eabi/6.3.1/../../../../arm-atollic-eabi/lib/armv7e-m/fpu/libc_nano.a(lib_a-errno.o)
                              Src/syscalls.o (__errno)
/home/asus/program/TrueSTUDIO/ARMTools/bin/../lib/gcc/arm-atollic-eabi/6.3.1/../../../../arm-atollic-eabi/lib/armv7e-m/fpu/libc_nano.a(lib_a-impure.o)
                              /home/asus/program/TrueSTUDIO/ARMTools/bin/../lib/gcc/arm-atollic-eabi/6.3.1/../../../../arm-atollic-eabi/lib/armv7e-m/fpu/libc_nano.a(lib_a-errno.o) (_impure_ptr)
/home/asus/program/TrueSTUDIO/ARMTools/bin/../lib/gcc/arm-atollic-eabi/6.3.1/../../../../arm-atollic-eabi/lib/armv7e-m/fpu/libc_nano.a(lib_a-init.o)
                              startup/startup_stm32f401xe.o (__libc_init_array)
/home/asus/program/TrueSTUDIO/ARMTools/bin/../lib/gcc/arm-atollic-eabi/6.3.1/../../../../arm-atollic-eabi/lib/armv7e-m/fpu/libc_nano.a(lib_a-memset.o)
                              Src/main.o (memset)
/home/asus/program/TrueSTUDIO/ARMTools/bin/../lib/gcc/arm-atollic-eabi/6.3.1/armv7e-m/fpu/libgcc.a(_aeabi_uldivmod.o)
                              Drivers/STM32F4xx_HAL_Driver/Src/stm32f4xx_hal_rcc.o (__aeabi_uldivmod)
/home/asus/program/TrueSTUDIO/ARMTools/bin/../lib/gcc/arm-atollic-eabi/6.3.1/armv7e-m/fpu/libgcc.a(_udivmoddi4.o)
                              /home/asus/program/TrueSTUDIO/ARMTools/bin/../lib/gcc/arm-atollic-eabi/6.3.1/armv7e-m/fpu/libgcc.a(_aeabi_uldivmod.o) (__udivmoddi4)
/home/asus/program/TrueSTUDIO/ARMTools/bin/../lib/gcc/arm-atollic-eabi/6.3.1/armv7e-m/fpu/libgcc.a(_dvmd_tls.o)
                              /home/asus/program/TrueSTUDIO/ARMTools/bin/../lib/gcc/arm-atollic-eabi/6.3.1/armv7e-m/fpu/libgcc.a(_aeabi_uldivmod.o) (__aeabi_ldiv0)

Allocating common symbols
Common symbol       size              file

uwTick              0x4               Drivers/STM32F4xx_HAL_Driver/Src/stm32f4xx_hal.o
pFlash              0x20              Drivers/STM32F4xx_HAL_Driver/Src/stm32f4xx_hal_flash.o
htim3               0x40              Src/main.o
hadc1               0x48              Src/main.o
hdma_adc1           0x60              Src/main.o
adcInputs           0x4               Src/main.o

Discarded input sections

 .text          0x0000000000000000        0x0 /home/asus/program/TrueSTUDIO/ARMTools/bin/../lib/gcc/arm-atollic-eabi/6.3.1/armv7e-m/fpu/crti.o
 .data          0x0000000000000000        0x0 /home/asus/program/TrueSTUDIO/ARMTools/bin/../lib/gcc/arm-atollic-eabi/6.3.1/armv7e-m/fpu/crti.o
 .bss           0x0000000000000000        0x0 /home/asus/program/TrueSTUDIO/ARMTools/bin/../lib/gcc/arm-atollic-eabi/6.3.1/armv7e-m/fpu/crti.o
 .data          0x0000000000000000        0x4 /home/asus/program/TrueSTUDIO/ARMTools/bin/../lib/gcc/arm-atollic-eabi/6.3.1/armv7e-m/fpu/crtbegin.o
 .text          0x0000000000000000        0x0 Drivers/STM32F4xx_HAL_Driver/Src/stm32f4xx_hal.o
 .data          0x0000000000000000        0x0 Drivers/STM32F4xx_HAL_Driver/Src/stm32f4xx_hal.o
 .bss           0x0000000000000000        0x0 Drivers/STM32F4xx_HAL_Driver/Src/stm32f4xx_hal.o
 .text.HAL_MspInit
                0x0000000000000000        0x2 Drivers/STM32F4xx_HAL_Driver/Src/stm32f4xx_hal.o
 .text.HAL_MspDeInit
                0x0000000000000000        0x2 Drivers/STM32F4xx_HAL_Driver/Src/stm32f4xx_hal.o
 .text.HAL_DeInit
                0x0000000000000000       0x2c Drivers/STM32F4xx_HAL_Driver/Src/stm32f4xx_hal.o
 .text.HAL_GetTickPrio
                0x0000000000000000        0xc Drivers/STM32F4xx_HAL_Driver/Src/stm32f4xx_hal.o
 .text.HAL_SetTickFreq
                0x0000000000000000       0x24 Drivers/STM32F4xx_HAL_Driver/Src/stm32f4xx_hal.o
 .text.HAL_GetTickFreq
                0x0000000000000000        0xc Drivers/STM32F4xx_HAL_Driver/Src/stm32f4xx_hal.o
 .text.HAL_Delay
                0x0000000000000000       0x28 Drivers/STM32F4xx_HAL_Driver/Src/stm32f4xx_hal.o
 .text.HAL_SuspendTick
                0x0000000000000000       0x10 Drivers/STM32F4xx_HAL_Driver/Src/stm32f4xx_hal.o
 .text.HAL_ResumeTick
                0x0000000000000000       0x10 Drivers/STM32F4xx_HAL_Driver/Src/stm32f4xx_hal.o
 .text.HAL_GetHalVersion
                0x0000000000000000        0x8 Drivers/STM32F4xx_HAL_Driver/Src/stm32f4xx_hal.o
 .text.HAL_GetREVID
                0x0000000000000000        0xc Drivers/STM32F4xx_HAL_Driver/Src/stm32f4xx_hal.o
 .text.HAL_GetDEVID
                0x0000000000000000       0x10 Drivers/STM32F4xx_HAL_Driver/Src/stm32f4xx_hal.o
 .text.HAL_DBGMCU_EnableDBGSleepMode
                0x0000000000000000       0x10 Drivers/STM32F4xx_HAL_Driver/Src/stm32f4xx_hal.o
 .text.HAL_DBGMCU_DisableDBGSleepMode
                0x0000000000000000       0x10 Drivers/STM32F4xx_HAL_Driver/Src/stm32f4xx_hal.o
 .text.HAL_DBGMCU_EnableDBGStopMode
                0x0000000000000000       0x10 Drivers/STM32F4xx_HAL_Driver/Src/stm32f4xx_hal.o
 .text.HAL_DBGMCU_DisableDBGStopMode
[...]
Memory Configuration

Name             Origin             Length             Attributes
RAM              0x0000000020000000 0x0000000000018000 xrw
FLASH            0x0000000008000000 0x0000000000080000 xr
*default*        0x0000000000000000 0xffffffffffffffff

Linker script and memory map

LOAD /home/asus/program/TrueSTUDIO/ARMTools/bin/../lib/gcc/arm-atollic-eabi/6.3.1/armv7e-m/fpu/crti.o
LOAD /home/asus/program/TrueSTUDIO/ARMTools/bin/../lib/gcc/arm-atollic-eabi/6.3.1/armv7e-m/fpu/crtbegin.o
LOAD Drivers/STM32F4xx_HAL_Driver/Src/stm32f4xx_hal.o
LOAD Drivers/STM32F4xx_HAL_Driver/Src/stm32f4xx_hal_adc.o
LOAD Drivers/STM32F4xx_HAL_Driver/Src/stm32f4xx_hal_adc_ex.o
LOAD Drivers/STM32F4xx_HAL_Driver/Src/stm32f4xx_hal_cortex.o
LOAD Drivers/STM32F4xx_HAL_Driver/Src/stm32f4xx_hal_dma.o
LOAD Drivers/STM32F4xx_HAL_Driver/Src/stm32f4xx_hal_dma_ex.o
LOAD Drivers/STM32F4xx_HAL_Driver/Src/stm32f4xx_hal_exti.o
LOAD Drivers/STM32F4xx_HAL_Driver/Src/stm32f4xx_hal_flash.o
LOAD Drivers/STM32F4xx_HAL_Driver/Src/stm32f4xx_hal_flash_ex.o
LOAD Drivers/STM32F4xx_HAL_Driver/Src/stm32f4xx_hal_flash_ramfunc.o
LOAD Drivers/STM32F4xx_HAL_Driver/Src/stm32f4xx_hal_gpio.o
LOAD Drivers/STM32F4xx_HAL_Driver/Src/stm32f4xx_hal_pwr.o
LOAD Drivers/STM32F4xx_HAL_Driver/Src/stm32f4xx_hal_pwr_ex.o
LOAD Drivers/STM32F4xx_HAL_Driver/Src/stm32f4xx_hal_rcc.o
LOAD Drivers/STM32F4xx_HAL_Driver/Src/stm32f4xx_hal_rcc_ex.o
LOAD Drivers/STM32F4xx_HAL_Driver/Src/stm32f4xx_hal_tim.o
LOAD Drivers/STM32F4xx_HAL_Driver/Src/stm32f4xx_hal_tim_ex.o
LOAD Src/main.o
LOAD Src/stm32f4xx_hal_msp.o
LOAD Src/stm32f4xx_it.o
LOAD Src/syscalls.o
LOAD Src/system_stm32f4xx.o
LOAD startup/startup_stm32f401xe.o
                0x0000000000000080                malloc_getpagesize_P = 0x80
START GROUP
LOAD /home/asus/program/TrueSTUDIO/ARMTools/bin/../lib/gcc/arm-atollic-eabi/6.3.1/../../../../arm-atollic-eabi/lib/armv7e-m/fpu/libc_nano.a
LOAD /home/asus/program/TrueSTUDIO/ARMTools/bin/../lib/gcc/arm-atollic-eabi/6.3.1/../../../../arm-atollic-eabi/lib/armv7e-m/fpu/libm.a
END GROUP
START GROUP
LOAD /home/asus/program/TrueSTUDIO/ARMTools/bin/../lib/gcc/arm-atollic-eabi/6.3.1/armv7e-m/fpu/libgcc.a
LOAD /home/asus/program/TrueSTUDIO/ARMTools/bin/../lib/gcc/arm-atollic-eabi/6.3.1/../../../../arm-atollic-eabi/lib/armv7e-m/fpu/libc_nano.a
END GROUP
START GROUP
LOAD /home/asus/program/TrueSTUDIO/ARMTools/bin/../lib/gcc/arm-atollic-eabi/6.3.1/armv7e-m/fpu/libgcc.a
LOAD /home/asus/program/TrueSTUDIO/ARMTools/bin/../lib/gcc/arm-atollic-eabi/6.3.1/../../../../arm-atollic-eabi/lib/armv7e-m/fpu/libc_nano.a
LOAD /home/asus/program/TrueSTUDIO/ARMTools/bin/../lib/gcc/arm-atollic-eabi/6.3.1/../../../../arm-atollic-eabi/lib/armv7e-m/fpu/libnosys.a
END GROUP
START GROUP
LOAD /home/asus/program/TrueSTUDIO/ARMTools/bin/../lib/gcc/arm-atollic-eabi/6.3.1/armv7e-m/fpu/libgcc.a
LOAD /home/asus/program/TrueSTUDIO/ARMTools/bin/../lib/gcc/arm-atollic-eabi/6.3.1/../../../../arm-atollic-eabi/lib/armv7e-m/fpu/libc_nano.a
LOAD /home/asus/program/TrueSTUDIO/ARMTools/bin/../lib/gcc/arm-atollic-eabi/6.3.1/../../../../arm-atollic-eabi/lib/armv7e-m/fpu/libnosys.a
END GROUP
LOAD /home/asus/program/TrueSTUDIO/ARMTools/bin/../lib/gcc/arm-atollic-eabi/6.3.1/armv7e-m/fpu/crtend.o
LOAD /home/asus/program/TrueSTUDIO/ARMTools/bin/../lib/gcc/arm-atollic-eabi/6.3.1/armv7e-m/fpu/crtn.o
                0x0000000020018000                _estack = 0x20018000
                0x0000000000000200                _Min_Heap_Size = 0x200
                0x0000000000000400                _Min_Stack_Size = 0x400

.isr_vector     0x0000000008000000      0x194
                0x0000000008000000                . = ALIGN (0x4)
 *(.isr_vector)
 .isr_vector    0x0000000008000000      0x194 startup/startup_stm32f401xe.o
                0x0000000008000000                g_pfnVectors
                0x0000000008000194                . = ALIGN (0x4)

.text           0x0000000008000194     0x1c10
                0x0000000008000194                . = ALIGN (0x4)
 *(.text)
 .text          0x0000000008000194       0x40 /home/asus/program/TrueSTUDIO/ARMTools/bin/../lib/gcc/arm-atollic-eabi/6.3.1/armv7e-m/fpu/crtbegin.o
 .text          0x00000000080001d4       0x30 /home/asus/program/TrueSTUDIO/ARMTools/bin/../lib/gcc/arm-atollic-eabi/6.3.1/armv7e-m/fpu/libgcc.a(_aeabi_uldivmod.o)
                0x00000000080001d4                __aeabi_uldivmod
 .text          0x0000000008000204      0x2dc /home/asus/program/TrueSTUDIO/ARMTools/bin/../lib/gcc/arm-atollic-eabi/6.3.1/armv7e-m/fpu/libgcc.a(_udivmoddi4.o)
                0x0000000008000204                __udivmoddi4
 .text          0x00000000080004e0        0x4 /home/asus/program/TrueSTUDIO/ARMTools/bin/../lib/gcc/arm-atollic-eabi/6.3.1/armv7e-m/fpu/libgcc.a(_dvmd_tls.o)
                0x00000000080004e0                __aeabi_ldiv0
                0x00000000080004e0                __aeabi_idiv0
 *(.text*)
 .text.HAL_InitTick
                0x00000000080004e4       0x48 Drivers/STM32F4xx_HAL_Driver/Src/stm32f4xx_hal.o
                0x00000000080004e4                HAL_InitTick
 .text.HAL_Init
                0x000000000800052c       0x34 Drivers/STM32F4xx_HAL_Driver/Src/stm32f4xx_hal.o
                0x000000000800052c                HAL_Init
 .text.HAL_IncTick
                0x0000000008000560       0x18 Drivers/STM32F4xx_HAL_Driver/Src/stm32f4xx_hal.o
                0x0000000008000560                HAL_IncTick
 .text.HAL_GetTick
                0x0000000008000578        0xc Drivers/STM32F4xx_HAL_Driver/Src/stm32f4xx_hal.o
                0x0000000008000578                HAL_GetTick
 .text.HAL_ADC_Init
                0x0000000008000584      0x14c Drivers/STM32F4xx_HAL_Driver/Src/stm32f4xx_hal_adc.o
                0x0000000008000584                HAL_ADC_Init
 .text.HAL_ADC_Start_DMA
                0x00000000080006d0      0x100 Drivers/STM32F4xx_HAL_Driver/Src/stm32f4xx_hal_adc.o
                0x00000000080006d0                HAL_ADC_Start_DMA
 .text.HAL_ADC_ConvCpltCallback
                0x00000000080007d0        0x2 Drivers/STM32F4xx_HAL_Driver/Src/stm32f4xx_hal_adc.o
                0x00000000080007d0                HAL_ADC_ConvCpltCallback
 .text.HAL_ADC_ConvHalfCpltCallback
                0x00000000080007d2        0x2 Drivers/STM32F4xx_HAL_Driver/Src/stm32f4xx_hal_adc.o
                0x00000000080007d2                HAL_ADC_ConvHalfCpltCallback
 .text.ADC_DMAHalfConvCplt
                0x00000000080007d4        0xa Drivers/STM32F4xx_HAL_Driver/Src/stm32f4xx_hal_adc.o
 .text.HAL_ADC_ErrorCallback
                0x00000000080007de        0x2 Drivers/STM32F4xx_HAL_Driver/Src/stm32f4xx_hal_adc.o
                0x00000000080007de                HAL_ADC_ErrorCallback
 .text.ADC_DMAError
                0x00000000080007e0       0x16 Drivers/STM32F4xx_HAL_Driver/Src/stm32f4xx_hal_adc.o
 .text.ADC_DMAConvCplt
                0x00000000080007f6       0x6c Drivers/STM32F4xx_HAL_Driver/Src/stm32f4xx_hal_adc.o
 *fill*         0x0000000008000862        0x2 
 .text.HAL_ADC_ConfigChannel
                0x0000000008000864      0x12c Drivers/STM32F4xx_HAL_Driver/Src/stm32f4xx_hal_adc.o
                0x0000000008000864                HAL_ADC_ConfigChannel
 .text.HAL_NVIC_SetPriorityGrouping
                0x0000000008000990       0x24 Drivers/STM32F4xx_HAL_Driver/Src/stm32f4xx_hal_cortex.o
                0x0000000008000990                HAL_NVIC_SetPriorityGrouping
 .text.HAL_NVIC_SetPriority
                0x00000000080009b4       0x68 Drivers/STM32F4xx_HAL_Driver/Src/stm32f4xx_hal_cortex.o
                0x00000000080009b4                HAL_NVIC_SetPriority
 .text.HAL_NVIC_EnableIRQ
                0x0000000008000a1c       0x1c Drivers/STM32F4xx_HAL_Driver/Src/stm32f4xx_hal_cortex.o
                0x0000000008000a1c                HAL_NVIC_EnableIRQ
 .text.HAL_SYSTICK_Config
                0x0000000008000a38       0x2c Drivers/STM32F4xx_HAL_Driver/Src/stm32f4xx_hal_cortex.o
                0x0000000008000a38                HAL_SYSTICK_Config
 .text.DMA_CalcBaseAndBitshift
                0x0000000008000a64       0x2c Drivers/STM32F4xx_HAL_Driver/Src/stm32f4xx_hal_dma.o
 .text.HAL_DMA_Init
                0x0000000008000a90       0xfc Drivers/STM32F4xx_HAL_Driver/Src/stm32f4xx_hal_dma.o
                0x0000000008000a90                HAL_DMA_Init
 .text.HAL_DMA_Start_IT
                0x0000000008000b8c       0x7c Drivers/STM32F4xx_HAL_Driver/Src/stm32f4xx_hal_dma.o
                0x0000000008000b8c                HAL_DMA_Start_IT
 .text.HAL_DMA_IRQHandler
                0x0000000008000c08      0x174 Drivers/STM32F4xx_HAL_Driver/Src/stm32f4xx_hal_dma.o
                0x0000000008000c08                HAL_DMA_IRQHandler
 .text.HAL_GPIO_Init
                0x0000000008000d7c      0x1ac Drivers/STM32F4xx_HAL_Driver/Src/stm32f4xx_hal_gpio.o
                0x0000000008000d7c                HAL_GPIO_Init
 .text.HAL_GPIO_WritePin
                0x0000000008000f28        0xa Drivers/STM32F4xx_HAL_Driver/Src/stm32f4xx_hal_gpio.o
                0x0000000008000f28                HAL_GPIO_WritePin
 *fill*         0x0000000008000f32        0x2 
 .text.HAL_RCC_OscConfig
                0x0000000008000f34      0x304 Drivers/STM32F4xx_HAL_Driver/Src/stm32f4xx_hal_rcc.o
                0x0000000008000f34                HAL_RCC_OscConfig
 .text.HAL_RCC_GetSysClockFreq
                0x0000000008001238       0x5c Drivers/STM32F4xx_HAL_Driver/Src/stm32f4xx_hal_rcc.o
                0x0000000008001238                HAL_RCC_GetSysClockFreq
 .text.HAL_RCC_ClockConfig
                0x0000000008001294      0x134 Drivers/STM32F4xx_HAL_Driver/Src/stm32f4xx_hal_rcc.o
                0x0000000008001294                HAL_RCC_ClockConfig
 .text.TIM_OC1_SetConfig
                0x00000000080013c8       0x50 Drivers/STM32F4xx_HAL_Driver/Src/stm32f4xx_hal_tim.o
 .text.TIM_OC3_SetConfig
                0x0000000008001418       0x54 Drivers/STM32F4xx_HAL_Driver/Src/stm32f4xx_hal_tim.o
 .text.TIM_OC4_SetConfig
                0x000000000800146c       0x44 Drivers/STM32F4xx_HAL_Driver/Src/stm32f4xx_hal_tim.o
 .text.HAL_TIM_PWM_MspInit
                0x00000000080014b0        0x2 Drivers/STM32F4xx_HAL_Driver/Src/stm32f4xx_hal_tim.o
                0x00000000080014b0                HAL_TIM_PWM_MspInit
 *fill*         0x00000000080014b2        0x2 
 .text.TIM_Base_SetConfig
                0x00000000080014b4       0x9c Drivers/STM32F4xx_HAL_Driver/Src/stm32f4xx_hal_tim.o
                0x00000000080014b4                TIM_Base_SetConfig
 .text.HAL_TIM_Base_Init
                0x0000000008001550       0x34 Drivers/STM32F4xx_HAL_Driver/Src/stm32f4xx_hal_tim.o
                0x0000000008001550                HAL_TIM_Base_Init
 .text.HAL_TIM_PWM_Init
                0x0000000008001584       0x34 Drivers/STM32F4xx_HAL_Driver/Src/stm32f4xx_hal_tim.o
                0x0000000008001584                HAL_TIM_PWM_Init
 .text.TIM_OC2_SetConfig
                0x00000000080015b8       0x58 Drivers/STM32F4xx_HAL_Driver/Src/stm32f4xx_hal_tim.o
                0x00000000080015b8                TIM_OC2_SetConfig
 .text.HAL_TIM_PWM_ConfigChannel
                0x0000000008001610       0xc4 Drivers/STM32F4xx_HAL_Driver/Src/stm32f4xx_hal_tim.o
                0x0000000008001610                HAL_TIM_PWM_ConfigChannel
 .text.TIM_ETR_SetConfig
                0x00000000080016d4       0x14 Drivers/STM32F4xx_HAL_Driver/Src/stm32f4xx_hal_tim.o
                0x00000000080016d4                TIM_ETR_SetConfig
 .text.HAL_TIM_ConfigClockSource
                0x00000000080016e8      0x128 Drivers/STM32F4xx_HAL_Driver/Src/stm32f4xx_hal_tim.o
                0x00000000080016e8                HAL_TIM_ConfigClockSource
 .text.TIM_CCxChannelCmd
                0x0000000008001810       0x1c Drivers/STM32F4xx_HAL_Driver/Src/stm32f4xx_hal_tim.o
                0x0000000008001810                TIM_CCxChannelCmd
 .text.HAL_TIM_PWM_Start
                0x000000000800182c       0x38 Drivers/STM32F4xx_HAL_Driver/Src/stm32f4xx_hal_tim.o
                0x000000000800182c                HAL_TIM_PWM_Start
 .text.HAL_TIMEx_MasterConfigSynchronization
                0x0000000008001864       0x3c Drivers/STM32F4xx_HAL_Driver/Src/stm32f4xx_hal_tim_ex.o
                0x0000000008001864                HAL_TIMEx_MasterConfigSynchronization
 .text.SystemClock_Config
                0x00000000080018a0       0x94 Src/main.o
                0x00000000080018a0                SystemClock_Config
 .text.startup.main
                0x0000000008001934      0x1d4 Src/main.o
                0x0000000008001934                main
 .text.Error_Handler
                0x0000000008001b08        0x2 Src/main.o
                0x0000000008001b08                Error_Handler
 *fill*         0x0000000008001b0a        0x2 
 .text.HAL_MspInit
                0x0000000008001b0c       0x40 Src/stm32f4xx_hal_msp.o
                0x0000000008001b0c                HAL_MspInit
 .text.HAL_ADC_MspInit
                0x0000000008001b4c       0xa4 Src/stm32f4xx_hal_msp.o
                0x0000000008001b4c                HAL_ADC_MspInit
 .text.HAL_TIM_Base_MspInit
                0x0000000008001bf0       0x30 Src/stm32f4xx_hal_msp.o
                0x0000000008001bf0                HAL_TIM_Base_MspInit
 .text.HAL_TIM_MspPostInit
                0x0000000008001c20       0x54 Src/stm32f4xx_hal_msp.o
                0x0000000008001c20                HAL_TIM_MspPostInit
 .text.NMI_Handler
                0x0000000008001c74        0x2 Src/stm32f4xx_it.o
                0x0000000008001c74                NMI_Handler
 .text.HardFault_Handler
                0x0000000008001c76        0x2 Src/stm32f4xx_it.o
                0x0000000008001c76                HardFault_Handler
 .text.MemManage_Handler
                0x0000000008001c78        0x2 Src/stm32f4xx_it.o
                0x0000000008001c78                MemManage_Handler
 .text.BusFault_Handler
                0x0000000008001c7a        0x2 Src/stm32f4xx_it.o
                0x0000000008001c7a                BusFault_Handler
 .text.UsageFault_Handler
                0x0000000008001c7c        0x2 Src/stm32f4xx_it.o
                0x0000000008001c7c                UsageFault_Handler
 .text.SVC_Handler
                0x0000000008001c7e        0x2 Src/stm32f4xx_it.o
                0x0000000008001c7e                SVC_Handler
 .text.DebugMon_Handler
                0x0000000008001c80        0x2 Src/stm32f4xx_it.o
                0x0000000008001c80                DebugMon_Handler
 .text.PendSV_Handler
                0x0000000008001c82        0x2 Src/stm32f4xx_it.o
                0x0000000008001c82                PendSV_Handler
 .text.SysTick_Handler
                0x0000000008001c84        0x4 Src/stm32f4xx_it.o
                0x0000000008001c84                SysTick_Handler
 .text.DMA2_Stream0_IRQHandler
                0x0000000008001c88        0xc Src/stm32f4xx_it.o
                0x0000000008001c88                DMA2_Stream0_IRQHandler
 .text.SystemInit
                0x0000000008001c94       0x4c Src/system_stm32f4xx.o
                0x0000000008001c94                SystemInit
 .text.Reset_Handler
                0x0000000008001ce0       0x50 startup/startup_stm32f401xe.o
                0x0000000008001ce0                Reset_Handler
 .text.Default_Handler
                0x0000000008001d30        0x2 startup/startup_stm32f401xe.o
                0x0000000008001d30                RTC_Alarm_IRQHandler
                0x0000000008001d30                EXTI2_IRQHandler
                0x0000000008001d30                SPI4_IRQHandler
                0x0000000008001d30                TIM1_CC_IRQHandler
                0x0000000008001d30                DMA2_Stream5_IRQHandler
                0x0000000008001d30                DMA1_Stream5_IRQHandler
                0x0000000008001d30                PVD_IRQHandler
                0x0000000008001d30                SDIO_IRQHandler
                0x0000000008001d30                TAMP_STAMP_IRQHandler
                0x0000000008001d30                EXTI3_IRQHandler
                0x0000000008001d30                TIM1_UP_TIM10_IRQHandler
                0x0000000008001d30                I2C3_ER_IRQHandler
                0x0000000008001d30                EXTI0_IRQHandler
                0x0000000008001d30                I2C2_EV_IRQHandler
                0x0000000008001d30                DMA1_Stream2_IRQHandler
                0x0000000008001d30                FPU_IRQHandler
                0x0000000008001d30                DMA2_Stream2_IRQHandler
                0x0000000008001d30                SPI1_IRQHandler
                0x0000000008001d30                TIM1_BRK_TIM9_IRQHandler
                0x0000000008001d30                DMA2_Stream3_IRQHandler
                0x0000000008001d30                USART6_IRQHandler
                0x0000000008001d30                TIM4_IRQHandler
                0x0000000008001d30                I2C1_EV_IRQHandler
                0x0000000008001d30                DMA1_Stream6_IRQHandler
                0x0000000008001d30                DMA1_Stream1_IRQHandler
                0x0000000008001d30                TIM3_IRQHandler
                0x0000000008001d30                RCC_IRQHandler
                0x0000000008001d30                Default_Handler
                0x0000000008001d30                EXTI15_10_IRQHandler
                0x0000000008001d30                ADC_IRQHandler
                0x0000000008001d30                DMA1_Stream7_IRQHandler
                0x0000000008001d30                TIM5_IRQHandler
                0x0000000008001d30                DMA2_Stream7_IRQHandler
                0x0000000008001d30                I2C3_EV_IRQHandler
                0x0000000008001d30                EXTI9_5_IRQHandler
                0x0000000008001d30                RTC_WKUP_IRQHandler
                0x0000000008001d30                SPI2_IRQHandler
                0x0000000008001d30                DMA1_Stream0_IRQHandler
                0x0000000008001d30                EXTI4_IRQHandler
                0x0000000008001d30                WWDG_IRQHandler
                0x0000000008001d30                TIM2_IRQHandler
                0x0000000008001d30                OTG_FS_WKUP_IRQHandler
                0x0000000008001d30                TIM1_TRG_COM_TIM11_IRQHandler
                0x0000000008001d30                EXTI1_IRQHandler
                0x0000000008001d30                USART2_IRQHandler
                0x0000000008001d30                I2C2_ER_IRQHandler
                0x0000000008001d30                DMA2_Stream1_IRQHandler
                0x0000000008001d30                FLASH_IRQHandler
                0x0000000008001d30                DMA2_Stream4_IRQHandler
                0x0000000008001d30                USART1_IRQHandler
                0x0000000008001d30                OTG_FS_IRQHandler
                0x0000000008001d30                SPI3_IRQHandler
                0x0000000008001d30                DMA1_Stream4_IRQHandler
                0x0000000008001d30                I2C1_ER_IRQHandler
                0x0000000008001d30                DMA2_Stream6_IRQHandler
                0x0000000008001d30                DMA1_Stream3_IRQHandler
 *fill*         0x0000000008001d32        0x2 
 .text.__libc_init_array
                0x0000000008001d34       0x48 /home/asus/program/TrueSTUDIO/ARMTools/bin/../lib/gcc/arm-atollic-eabi/6.3.1/../../../../arm-atollic-eabi/lib/armv7e-m/fpu/libc_nano.a(lib_a-init.o)
                0x0000000008001d34                __libc_init_array
 .text.memset   0x0000000008001d7c       0x10 /home/asus/program/TrueSTUDIO/ARMTools/bin/../lib/gcc/arm-atollic-eabi/6.3.1/../../../../arm-atollic-eabi/lib/armv7e-m/fpu/libc_nano.a(lib_a-memset.o)
                0x0000000008001d7c                memset
 *(.glue_7)
 .glue_7        0x0000000008001d8c        0x0 linker stubs
 *(.glue_7t)
 .glue_7t       0x0000000008001d8c        0x0 linker stubs
 *(.eh_frame)
 .eh_frame      0x0000000008001d8c        0x0 /home/asus/program/TrueSTUDIO/ARMTools/bin/../lib/gcc/arm-atollic-eabi/6.3.1/armv7e-m/fpu/crtbegin.o
 *(.init)
 .init          0x0000000008001d8c        0x4 /home/asus/program/TrueSTUDIO/ARMTools/bin/../lib/gcc/arm-atollic-eabi/6.3.1/armv7e-m/fpu/crti.o
                0x0000000008001d8c                _init
 .init          0x0000000008001d90        0x8 /home/asus/program/TrueSTUDIO/ARMTools/bin/../lib/gcc/arm-atollic-eabi/6.3.1/armv7e-m/fpu/crtn.o
 *(.fini)
 .fini          0x0000000008001d98        0x4 /home/asus/program/TrueSTUDIO/ARMTools/bin/../lib/gcc/arm-atollic-eabi/6.3.1/armv7e-m/fpu/crti.o
                0x0000000008001d98                _fini
 .fini          0x0000000008001d9c        0x8 /home/asus/program/TrueSTUDIO/ARMTools/bin/../lib/gcc/arm-atollic-eabi/6.3.1/armv7e-m/fpu/crtn.o
                0x0000000008001da4                . = ALIGN (0x4)
                0x0000000008001da4                _etext = .

.vfp11_veneer   0x0000000008001da4        0x0
 .vfp11_veneer  0x0000000008001da4        0x0 linker stubs

.v4_bx          0x0000000008001da4        0x0
 .v4_bx         0x0000000008001da4        0x0 linker stubs

.iplt           0x0000000008001da4        0x0
 .iplt          0x0000000008001da4        0x0 /home/asus/program/TrueSTUDIO/ARMTools/bin/../lib/gcc/arm-atollic-eabi/6.3.1/armv7e-m/fpu/crtbegin.o

.rodata         0x0000000008001da4       0x18
                0x0000000008001da4                . = ALIGN (0x4)
 *(.rodata)
 *(.rodata*)
 .rodata.flagBitshiftOffset.7815
                0x0000000008001da4        0x8 Drivers/STM32F4xx_HAL_Driver/Src/stm32f4xx_hal_dma.o
 .rodata.AHBPrescTable
                0x0000000008001dac       0x10 Src/system_stm32f4xx.o
                0x0000000008001dac                AHBPrescTable
                0x0000000008001dbc                . = ALIGN (0x4)

.ARM.extab
 *(.ARM.extab* .gnu.linkonce.armextab.*)

.ARM            0x0000000008001dbc        0x8
                0x0000000008001dbc                __exidx_start = .
 *(.ARM.exidx*)
 .ARM.exidx     0x0000000008001dbc        0x8 /home/asus/program/TrueSTUDIO/ARMTools/bin/../lib/gcc/arm-atollic-eabi/6.3.1/armv7e-m/fpu/libgcc.a(_udivmoddi4.o)
                0x0000000008001dc4                __exidx_end = .

.rel.dyn        0x0000000008001dc4        0x0
 .rel.iplt      0x0000000008001dc4        0x0 /home/asus/program/TrueSTUDIO/ARMTools/bin/../lib/gcc/arm-atollic-eabi/6.3.1/armv7e-m/fpu/crtbegin.o

.preinit_array  0x0000000008001dc4        0x0
                0x0000000008001dc4                PROVIDE (__preinit_array_start, .)
 *(.preinit_array*)
                0x0000000008001dc4                PROVIDE (__preinit_array_end, .)

.init_array     0x0000000008001dc4        0x4
                0x0000000008001dc4                PROVIDE (__init_array_start, .)
 *(SORT(.init_array.*))
 *(.init_array*)
 .init_array    0x0000000008001dc4        0x4 /home/asus/program/TrueSTUDIO/ARMTools/bin/../lib/gcc/arm-atollic-eabi/6.3.1/armv7e-m/fpu/crtbegin.o
                0x0000000008001dc8                PROVIDE (__init_array_end, .)

.fini_array     0x0000000008001dc8        0x4
                [!provide]                        PROVIDE (__fini_array_start, .)
 *(SORT(.fini_array.*))
 *(.fini_array*)
 .fini_array    0x0000000008001dc8        0x4 /home/asus/program/TrueSTUDIO/ARMTools/bin/../lib/gcc/arm-atollic-eabi/6.3.1/armv7e-m/fpu/crtbegin.o
                [!provide]                        PROVIDE (__fini_array_end, .)
                0x0000000008001dcc                _sidata = LOADADDR (.data)

.data           0x0000000020000000        0xc load address 0x0000000008001dcc
                0x0000000020000000                . = ALIGN (0x4)
                0x0000000020000000                _sdata = .
 *(.data)
 *(.data*)
 .data.uwTickFreq
                0x0000000020000000        0x1 Drivers/STM32F4xx_HAL_Driver/Src/stm32f4xx_hal.o
                0x0000000020000000                uwTickFreq
 *fill*         0x0000000020000001        0x3 
 .data.uwTickPrio
                0x0000000020000004        0x4 Drivers/STM32F4xx_HAL_Driver/Src/stm32f4xx_hal.o
                0x0000000020000004                uwTickPrio
 .data.SystemCoreClock
                0x0000000020000008        0x4 Src/system_stm32f4xx.o
                0x0000000020000008                SystemCoreClock
                0x000000002000000c                . = ALIGN (0x4)
                0x000000002000000c                _edata = .

.igot.plt       0x000000002000000c        0x0 load address 0x0000000008001dd8
 .igot.plt      0x000000002000000c        0x0 /home/asus/program/TrueSTUDIO/ARMTools/bin/../lib/gcc/arm-atollic-eabi/6.3.1/armv7e-m/fpu/crtbegin.o
                0x000000002000000c                . = ALIGN (0x4)

.bss            0x000000002000000c      0x10c load address 0x0000000008001dd8
                0x000000002000000c                _sbss = .
                0x000000002000000c                __bss_start__ = _sbss
 *(.bss)
 .bss           0x000000002000000c       0x1c /home/asus/program/TrueSTUDIO/ARMTools/bin/../lib/gcc/arm-atollic-eabi/6.3.1/armv7e-m/fpu/crtbegin.o
 *(.bss*)
 *(COMMON)
 COMMON         0x0000000020000028        0x4 Drivers/STM32F4xx_HAL_Driver/Src/stm32f4xx_hal.o
                0x0000000020000028                uwTick
 COMMON         0x000000002000002c       0xec Src/main.o
                0x000000002000002c                htim3
                0x000000002000006c                hadc1
                0x00000000200000b4                hdma_adc1
                0x0000000020000114                adcInputs
                0x0000000020000118                . = ALIGN (0x4)
                0x0000000020000118                _ebss = .
                0x0000000020000118                __bss_end__ = _ebss

._user_heap_stack
                0x0000000020000118      0x600 load address 0x0000000008001dd8
                0x0000000020000118                . = ALIGN (0x4)
                0x0000000020000118                PROVIDE (end, .)
                [!provide]                        PROVIDE (_end, .)
                0x0000000020000318                . = (. + _Min_Heap_Size)
 *fill*         0x0000000020000118      0x200 
                0x0000000020000718                . = (. + _Min_Stack_Size)
 *fill*         0x0000000020000318      0x400 
                0x0000000020000718                . = ALIGN (0x4)

/DISCARD/
 libc.a(*)
 libm.a(*)
 libgcc.a(*)

.ARM.attributes
                0x0000000000000000       0x30
 *(.ARM.attributes)
 .ARM.attributes
                0x0000000000000000       0x22 /home/asus/program/TrueSTUDIO/ARMTools/bin/../lib/gcc/arm-atollic-eabi/6.3.1/armv7e-m/fpu/crti.o
 .ARM.attributes
                0x0000000000000022       0x34 /home/asus/program/TrueSTUDIO/ARMTools/bin/../lib/gcc/arm-atollic-eabi/6.3.1/armv7e-m/fpu/crtbegin.o
 .ARM.attributes
                0x0000000000000056       0x39 Drivers/STM32F4xx_HAL_Driver/Src/stm32f4xx_hal.o
 .ARM.attributes
                0x000000000000008f       0x39 Drivers/STM32F4xx_HAL_Driver/Src/stm32f4xx_hal_adc.o
 .ARM.attributes
                0x00000000000000c8       0x39 Drivers/STM32F4xx_HAL_Driver/Src/stm32f4xx_hal_cortex.o
 .ARM.attributes
                0x0000000000000101       0x39 Drivers/STM32F4xx_HAL_Driver/Src/stm32f4xx_hal_dma.o
 .ARM.attributes
                0x000000000000013a       0x39 Drivers/STM32F4xx_HAL_Driver/Src/stm32f4xx_hal_gpio.o
 .ARM.attributes
                0x0000000000000173       0x39 Drivers/STM32F4xx_HAL_Driver/Src/stm32f4xx_hal_rcc.o
 .ARM.attributes
                0x00000000000001ac       0x39 Drivers/STM32F4xx_HAL_Driver/Src/stm32f4xx_hal_tim.o
 .ARM.attributes
                0x00000000000001e5       0x39 Drivers/STM32F4xx_HAL_Driver/Src/stm32f4xx_hal_tim_ex.o
 .ARM.attributes
                0x000000000000021e       0x39 Src/main.o
 .ARM.attributes
                0x0000000000000257       0x39 Src/stm32f4xx_hal_msp.o
 .ARM.attributes
                0x0000000000000290       0x39 Src/stm32f4xx_it.o
 .ARM.attributes
                0x00000000000002c9       0x39 Src/system_stm32f4xx.o
 .ARM.attributes
                0x0000000000000302       0x21 startup/startup_stm32f401xe.o
 .ARM.attributes
                0x0000000000000323       0x34 /home/asus/program/TrueSTUDIO/ARMTools/bin/../lib/gcc/arm-atollic-eabi/6.3.1/../../../../arm-atollic-eabi/lib/armv7e-m/fpu/libc_nano.a(lib_a-init.o)
 .ARM.attributes
                0x0000000000000357       0x34 /home/asus/program/TrueSTUDIO/ARMTools/bin/../lib/gcc/arm-atollic-eabi/6.3.1/../../../../arm-atollic-eabi/lib/armv7e-m/fpu/libc_nano.a(lib_a-memset.o)
 .ARM.attributes
                0x000000000000038b       0x22 /home/asus/program/TrueSTUDIO/ARMTools/bin/../lib/gcc/arm-atollic-eabi/6.3.1/armv7e-m/fpu/libgcc.a(_aeabi_uldivmod.o)
 .ARM.attributes
                0x00000000000003ad       0x34 /home/asus/program/TrueSTUDIO/ARMTools/bin/../lib/gcc/arm-atollic-eabi/6.3.1/armv7e-m/fpu/libgcc.a(_udivmoddi4.o)
 .ARM.attributes
                0x00000000000003e1       0x22 /home/asus/program/TrueSTUDIO/ARMTools/bin/../lib/gcc/arm-atollic-eabi/6.3.1/armv7e-m/fpu/libgcc.a(_dvmd_tls.o)
 .ARM.attributes
                0x0000000000000403       0x22 /home/asus/program/TrueSTUDIO/ARMTools/bin/../lib/gcc/arm-atollic-eabi/6.3.1/armv7e-m/fpu/crtn.o
OUTPUT(STM32F401RE - ADC - PWM.elf elf32-littlearm)

.debug_info     0x0000000000000000     0xb6b0
 .debug_info    0x0000000000000000      0x97d Drivers/STM32F4xx_HAL_Driver/Src/stm32f4xx_hal.o
 .debug_info    0x000000000000097d      0xda9 Drivers/STM32F4xx_HAL_Driver/Src/stm32f4xx_hal_adc.o
 .debug_info    0x0000000000001726      0xea3 Drivers/STM32F4xx_HAL_Driver/Src/stm32f4xx_hal_cortex.o
 .debug_info    0x00000000000025c9      0xa44 Drivers/STM32F4xx_HAL_Driver/Src/stm32f4xx_hal_dma.o
 .debug_info    0x000000000000300d      0x79c Drivers/STM32F4xx_HAL_Driver/Src/stm32f4xx_hal_gpio.o
 .debug_info    0x00000000000037a9      0xa81 Drivers/STM32F4xx_HAL_Driver/Src/stm32f4xx_hal_rcc.o
 .debug_info    0x000000000000422a     0x34c7 Drivers/STM32F4xx_HAL_Driver/Src/stm32f4xx_hal_tim.o
 .debug_info    0x00000000000076f1     0x12f6 Drivers/STM32F4xx_HAL_Driver/Src/stm32f4xx_hal_tim_ex.o
 .debug_info    0x00000000000089e7     0x1519 Src/main.o
 .debug_info    0x0000000000009f00      0xdba Src/stm32f4xx_hal_msp.o
 .debug_info    0x000000000000acba      0x435 Src/stm32f4xx_it.o
 .debug_info    0x000000000000b0ef      0x534 Src/system_stm32f4xx.o
 .debug_info    0x000000000000b623       0x8d startup/startup_stm32f401xe.o

.debug_abbrev   0x0000000000000000     0x1c91
 .debug_abbrev  0x0000000000000000      0x268 Drivers/STM32F4xx_HAL_Driver/Src/stm32f4xx_hal.o
 .debug_abbrev  0x0000000000000268      0x287 Drivers/STM32F4xx_HAL_Driver/Src/stm32f4xx_hal_adc.o
 .debug_abbrev  0x00000000000004ef      0x314 Drivers/STM32F4xx_HAL_Driver/Src/stm32f4xx_hal_cortex.o
 .debug_abbrev  0x0000000000000803      0x2b0 Drivers/STM32F4xx_HAL_Driver/Src/stm32f4xx_hal_dma.o
 .debug_abbrev  0x0000000000000ab3      0x1ef Drivers/STM32F4xx_HAL_Driver/Src/stm32f4xx_hal_gpio.o
 .debug_abbrev  0x0000000000000ca2      0x2cb Drivers/STM32F4xx_HAL_Driver/Src/stm32f4xx_hal_rcc.o
 .debug_abbrev  0x0000000000000f6d      0x333 Drivers/STM32F4xx_HAL_Driver/Src/stm32f4xx_hal_tim.o
 .debug_abbrev  0x00000000000012a0      0x2ab Drivers/STM32F4xx_HAL_Driver/Src/stm32f4xx_hal_tim_ex.o
 .debug_abbrev  0x000000000000154b      0x2a7 Src/main.o
 .debug_abbrev  0x00000000000017f2      0x202 Src/stm32f4xx_hal_msp.o
 .debug_abbrev  0x00000000000019f4      0x17d Src/stm32f4xx_it.o
 .debug_abbrev  0x0000000000001b71      0x10e Src/system_stm32f4xx.o
 .debug_abbrev  0x0000000000001c7f       0x12 startup/startup_stm32f401xe.o

.debug_loc      0x0000000000000000     0x56d2
 .debug_loc     0x0000000000000000      0x11b Drivers/STM32F4xx_HAL_Driver/Src/stm32f4xx_hal.o
 .debug_loc     0x000000000000011b      0x7c0 Drivers/STM32F4xx_HAL_Driver/Src/stm32f4xx_hal_adc.o
 .debug_loc     0x00000000000008db      0x4fb Drivers/STM32F4xx_HAL_Driver/Src/stm32f4xx_hal_cortex.o
 .debug_loc     0x0000000000000dd6      0x727 Drivers/STM32F4xx_HAL_Driver/Src/stm32f4xx_hal_dma.o
 .debug_loc     0x00000000000014fd      0x321 Drivers/STM32F4xx_HAL_Driver/Src/stm32f4xx_hal_gpio.o
 .debug_loc     0x000000000000181e      0x336 Drivers/STM32F4xx_HAL_Driver/Src/stm32f4xx_hal_rcc.o
 .debug_loc     0x0000000000001b54     0x2f57 Drivers/STM32F4xx_HAL_Driver/Src/stm32f4xx_hal_tim.o
 .debug_loc     0x0000000000004aab      0xa7c Drivers/STM32F4xx_HAL_Driver/Src/stm32f4xx_hal_tim_ex.o
 .debug_loc     0x0000000000005527       0x8f Src/stm32f4xx_hal_msp.o
 .debug_loc     0x00000000000055b6      0x11c Src/system_stm32f4xx.o

.debug_aranges  0x0000000000000000      0x830
 .debug_aranges
                0x0000000000000000       0xe8 Drivers/STM32F4xx_HAL_Driver/Src/stm32f4xx_hal.o
 .debug_aranges
                0x00000000000000e8       0xb8 Drivers/STM32F4xx_HAL_Driver/Src/stm32f4xx_hal_adc.o
 .debug_aranges
                0x00000000000001a0       0xa8 Drivers/STM32F4xx_HAL_Driver/Src/stm32f4xx_hal_cortex.o
 .debug_aranges
                0x0000000000000248       0x80 Drivers/STM32F4xx_HAL_Driver/Src/stm32f4xx_hal_dma.o
 .debug_aranges
                0x00000000000002c8       0x58 Drivers/STM32F4xx_HAL_Driver/Src/stm32f4xx_hal_gpio.o
 .debug_aranges
                0x0000000000000320       0x88 Drivers/STM32F4xx_HAL_Driver/Src/stm32f4xx_hal_rcc.o
 .debug_aranges
                0x00000000000003a8      0x278 Drivers/STM32F4xx_HAL_Driver/Src/stm32f4xx_hal_tim.o
 .debug_aranges
                0x0000000000000620       0xf8 Drivers/STM32F4xx_HAL_Driver/Src/stm32f4xx_hal_tim_ex.o
 .debug_aranges
                0x0000000000000718       0x30 Src/main.o
 .debug_aranges
                0x0000000000000748       0x48 Src/stm32f4xx_hal_msp.o
 .debug_aranges
                0x0000000000000790       0x50 Src/stm32f4xx_it.o
 .debug_aranges
                0x00000000000007e0       0x28 Src/system_stm32f4xx.o
 .debug_aranges
                0x0000000000000808       0x28 startup/startup_stm32f401xe.o

.debug_ranges   0x0000000000000000      0xad0
 .debug_ranges  0x0000000000000000       0xd8 Drivers/STM32F4xx_HAL_Driver/Src/stm32f4xx_hal.o
 .debug_ranges  0x00000000000000d8       0xc8 Drivers/STM32F4xx_HAL_Driver/Src/stm32f4xx_hal_adc.o
 .debug_ranges  0x00000000000001a0      0x128 Drivers/STM32F4xx_HAL_Driver/Src/stm32f4xx_hal_cortex.o
 .debug_ranges  0x00000000000002c8       0xc8 Drivers/STM32F4xx_HAL_Driver/Src/stm32f4xx_hal_dma.o
 .debug_ranges  0x0000000000000390       0x68 Drivers/STM32F4xx_HAL_Driver/Src/stm32f4xx_hal_gpio.o
 .debug_ranges  0x00000000000003f8       0xb0 Drivers/STM32F4xx_HAL_Driver/Src/stm32f4xx_hal_rcc.o
 .debug_ranges  0x00000000000004a8      0x340 Drivers/STM32F4xx_HAL_Driver/Src/stm32f4xx_hal_tim.o
 .debug_ranges  0x00000000000007e8       0xe8 Drivers/STM32F4xx_HAL_Driver/Src/stm32f4xx_hal_tim_ex.o
 .debug_ranges  0x00000000000008d0      0x108 Src/main.o
 .debug_ranges  0x00000000000009d8       0x80 Src/stm32f4xx_hal_msp.o
 .debug_ranges  0x0000000000000a58       0x40 Src/stm32f4xx_it.o
 .debug_ranges  0x0000000000000a98       0x18 Src/system_stm32f4xx.o
 .debug_ranges  0x0000000000000ab0       0x20 startup/startup_stm32f401xe.o

.debug_line     0x0000000000000000     0x3d97
 .debug_line    0x0000000000000000      0x3e3 Drivers/STM32F4xx_HAL_Driver/Src/stm32f4xx_hal.o
 .debug_line    0x00000000000003e3      0x698 Drivers/STM32F4xx_HAL_Driver/Src/stm32f4xx_hal_adc.o
 .debug_line    0x0000000000000a7b      0x41e Drivers/STM32F4xx_HAL_Driver/Src/stm32f4xx_hal_cortex.o
 .debug_line    0x0000000000000e99      0x537 Drivers/STM32F4xx_HAL_Driver/Src/stm32f4xx_hal_dma.o
 .debug_line    0x00000000000013d0      0x391 Drivers/STM32F4xx_HAL_Driver/Src/stm32f4xx_hal_gpio.o
 .debug_line    0x0000000000001761      0x4bc Drivers/STM32F4xx_HAL_Driver/Src/stm32f4xx_hal_rcc.o
 .debug_line    0x0000000000001c1d     0x1093 Drivers/STM32F4xx_HAL_Driver/Src/stm32f4xx_hal_tim.o
 .debug_line    0x0000000000002cb0      0x645 Drivers/STM32F4xx_HAL_Driver/Src/stm32f4xx_hal_tim_ex.o
 .debug_line    0x00000000000032f5      0x36b Src/main.o
 .debug_line    0x0000000000003660      0x2dd Src/stm32f4xx_hal_msp.o
 .debug_line    0x000000000000393d      0x235 Src/stm32f4xx_it.o
 .debug_line    0x0000000000003b72      0x1a6 Src/system_stm32f4xx.o
 .debug_line    0x0000000000003d18       0x7f startup/startup_stm32f401xe.o

.debug_str      0x0000000000000000     0x3437
 .debug_str     0x0000000000000000      0xa11 Drivers/STM32F4xx_HAL_Driver/Src/stm32f4xx_hal.o
                                        0xa7a (size before relaxing)
 .debug_str     0x0000000000000a11      0x6da Drivers/STM32F4xx_HAL_Driver/Src/stm32f4xx_hal_adc.o
                                        0x9be (size before relaxing)
 .debug_str     0x00000000000010eb      0x4a6 Drivers/STM32F4xx_HAL_Driver/Src/stm32f4xx_hal_cortex.o
                                        0xb33 (size before relaxing)
 .debug_str     0x0000000000001591      0x2f5 Drivers/STM32F4xx_HAL_Driver/Src/stm32f4xx_hal_dma.o
                                        0x7e1 (size before relaxing)
 .debug_str     0x0000000000001886      0x1d3 Drivers/STM32F4xx_HAL_Driver/Src/stm32f4xx_hal_gpio.o
                                        0x56d (size before relaxing)
 .debug_str     0x0000000000001a59      0x2e9 Drivers/STM32F4xx_HAL_Driver/Src/stm32f4xx_hal_rcc.o
                                        0x740 (size before relaxing)
 .debug_str     0x0000000000001d42      0xfd9 Drivers/STM32F4xx_HAL_Driver/Src/stm32f4xx_hal_tim.o
                                       0x1538 (size before relaxing)
 .debug_str     0x0000000000002d1b      0x548 Drivers/STM32F4xx_HAL_Driver/Src/stm32f4xx_hal_tim_ex.o
                                        0xd50 (size before relaxing)
 .debug_str     0x0000000000003263       0xac Src/main.o
                                       0x114b (size before relaxing)
 .debug_str     0x000000000000330f       0x25 Src/stm32f4xx_hal_msp.o
                                        0xa88 (size before relaxing)
 .debug_str     0x0000000000003334       0xbe Src/stm32f4xx_it.o
                                        0x54c (size before relaxing)
 .debug_str     0x00000000000033f2       0x45 Src/system_stm32f4xx.o
                                        0x3d1 (size before relaxing)

.comment        0x0000000000000000       0x7c
 .comment       0x0000000000000000       0x7c Drivers/STM32F4xx_HAL_Driver/Src/stm32f4xx_hal.o
                                         0x7d (size before relaxing)
 .comment       0x000000000000007c       0x7d Drivers/STM32F4xx_HAL_Driver/Src/stm32f4xx_hal_adc.o
 .comment       0x000000000000007c       0x7d Drivers/STM32F4xx_HAL_Driver/Src/stm32f4xx_hal_cortex.o
 .comment       0x000000000000007c       0x7d Drivers/STM32F4xx_HAL_Driver/Src/stm32f4xx_hal_dma.o
 .comment       0x000000000000007c       0x7d Drivers/STM32F4xx_HAL_Driver/Src/stm32f4xx_hal_gpio.o
 .comment       0x000000000000007c       0x7d Drivers/STM32F4xx_HAL_Driver/Src/stm32f4xx_hal_rcc.o
 .comment       0x000000000000007c       0x7d Drivers/STM32F4xx_HAL_Driver/Src/stm32f4xx_hal_tim.o
 .comment       0x000000000000007c       0x7d Drivers/STM32F4xx_HAL_Driver/Src/stm32f4xx_hal_tim_ex.o
 .comment       0x000000000000007c       0x7d Src/main.o
 .comment       0x000000000000007c       0x7d Src/stm32f4xx_hal_msp.o
 .comment       0x000000000000007c       0x7d Src/stm32f4xx_it.o
 .comment       0x000000000000007c       0x7d Src/system_stm32f4xx.o

.debug_frame    0x0000000000000000     0x1820
 .debug_frame   0x0000000000000000      0x1f0 Drivers/STM32F4xx_HAL_Driver/Src/stm32f4xx_hal.o
 .debug_frame   0x00000000000001f0      0x248 Drivers/STM32F4xx_HAL_Driver/Src/stm32f4xx_hal_adc.o
 .debug_frame   0x0000000000000438      0x158 Drivers/STM32F4xx_HAL_Driver/Src/stm32f4xx_hal_cortex.o
 .debug_frame   0x0000000000000590      0x150 Drivers/STM32F4xx_HAL_Driver/Src/stm32f4xx_hal_dma.o
 .debug_frame   0x00000000000006e0       0xd8 Drivers/STM32F4xx_HAL_Driver/Src/stm32f4xx_hal_gpio.o
 .debug_frame   0x00000000000007b8      0x13c Drivers/STM32F4xx_HAL_Driver/Src/stm32f4xx_hal_rcc.o
 .debug_frame   0x00000000000008f4      0x928 Drivers/STM32F4xx_HAL_Driver/Src/stm32f4xx_hal_tim.o
 .debug_frame   0x000000000000121c      0x360 Drivers/STM32F4xx_HAL_Driver/Src/stm32f4xx_hal_tim_ex.o
 .debug_frame   0x000000000000157c       0x5c Src/main.o
 .debug_frame   0x00000000000015d8       0xb4 Src/stm32f4xx_hal_msp.o
 .debug_frame   0x000000000000168c       0xb0 Src/stm32f4xx_it.o
 .debug_frame   0x000000000000173c       0x38 Src/system_stm32f4xx.o
 .debug_frame   0x0000000000001774       0x2c /home/asus/program/TrueSTUDIO/ARMTools/bin/../lib/gcc/arm-atollic-eabi/6.3.1/../../../../arm-atollic-eabi/lib/armv7e-m/fpu/libc_nano.a(lib_a-init.o)
 .debug_frame   0x00000000000017a0       0x20 /home/asus/program/TrueSTUDIO/ARMTools/bin/../lib/gcc/arm-atollic-eabi/6.3.1/../../../../arm-atollic-eabi/lib/armv7e-m/fpu/libc_nano.a(lib_a-memset.o)
 .debug_frame   0x00000000000017c0       0x2c /home/asus/program/TrueSTUDIO/ARMTools/bin/../lib/gcc/arm-atollic-eabi/6.3.1/armv7e-m/fpu/libgcc.a(_aeabi_uldivmod.o)
 .debug_frame   0x00000000000017ec       0x34 /home/asus/program/TrueSTUDIO/ARMTools/bin/../lib/gcc/arm-atollic-eabi/6.3.1/armv7e-m/fpu/libgcc.a(_udivmoddi4.o)
